test log contents..
